
Note: No compatibility mode selected!


Circuit: * ivep mosyagin, var. 30: bridge rectifier + stabilizer

Doing analysis at TEMP = 27.000000 and TNOM = 27.000000

Using SPARSE 1.3 as Direct Linear Solver
Using transient initial conditions

No. of Data Rows : 27751
uavg                =  1.201254e+01 from=  2.000000e-01 to=  2.666696e-01
upp                 =  2.498153e-03 from=  2.000000e-01 to=  2.666667e-01
umax                =  1.201375e+01 at=  2.293976e-01
umin                =  1.201125e+01 at=  2.534903e-01
ufavg               =  1.458201e+01 from=  2.000000e-01 to=  2.666696e-01
ufpp                =  4.500700e-01 from=  2.000000e-01 to=  2.666667e-01
izavg               =  -1.576101e-02 from=  2.000000e-01 to=  2.666696e-01
izmin               =  -1.747609e-02 at=  2.293976e-01
izmax               =  -1.403406e-02 at=  2.534903e-01
ipusk               =  1.926315e+00 at=  3.465624e-04
ipk                 =  3.443090e-01 at=  2.537230e-01
irms                =  6.88403e-02 from=  2.00000e-01 to=  2.66667e-01
iavg                =  1.855713e-08 from=  2.000000e-01 to=  2.666696e-01
iabs                =  1.977108e-02 from=  2.000000e-01 to=  2.666696e-01
ton                 =  2.034340e-01
toff                =  2.045488e-01
tset                =  2.970358e-03
urev1               =  1.544495e+01 at=  2.292376e-01
urev3               =  1.544495e+01 at=  2.042370e-01
kp = 2.079621e-02
kpf = 3.086474e+00
tw = 1.114800e-03
binary raw file "br_e.raw"
Note: Simulation executed from .control section 
