
Note: No compatibility mode selected!


Circuit: * ivep mosyagin, var. 30: bridge rectifier

Doing analysis at TEMP = 27.000000 and TNOM = 27.000000

Using SPARSE 1.3 as Direct Linear Solver
Using transient initial conditions

No. of Data Rows : 27262
uavg                =  1.476972e+01 from=  2.000000e-01 to=  2.666741e-01
upp                 =  1.144666e-01 from=  2.000000e-01 to=  2.666667e-01
umax                =  1.482646e+01 at=  2.211603e-01
umin                =  1.471199e+01 at=  2.037113e-01
ipusk               =  1.926341e+00 at=  3.480649e-04
ipk                 =  1.030503e-01 at=  2.207003e-01
irms                =  1.89344e-02 from=  2.00000e-01 to=  2.66667e-01
iavg                =  9.386967e-11 from=  2.000000e-01 to=  2.666741e-01
iabs                =  4.924297e-03 from=  2.000000e-01 to=  2.666741e-01
ton                 =  2.036361e-01
toff                =  2.045933e-01
tset                =  3.969201e-03
urev1               =  1.545320e+01 at=  2.459006e-01
urev3               =  1.545320e+01 at=  2.042368e-01
kp = 7.750086e-01
tw = 9.572000e-04
binary raw file "br_e_nostab.raw"
Note: Simulation executed from .control section 
