
Note: No compatibility mode selected!


Circuit: * ivep mosyagin, var. 30: bridge rectifier

Doing analysis at TEMP = 27.000000 and TNOM = 27.000000

Using SPARSE 1.3 as Direct Linear Solver
Using transient initial conditions

No. of Data Rows : 27211
uavg                =  1.331621e+01 from=  2.000000e-01 to=  2.666721e-01
upp                 =  1.027162e-01 from=  2.000000e-01 to=  2.666667e-01
umax                =  1.336715e+01 at=  2.461779e-01
umin                =  1.326444e+01 at=  2.620335e-01
ipusk               =  1.748653e+00 at=  3.785636e-04
ipk                 =  8.900291e-02 at=  2.540400e-01
irms                =  1.67096e-02 from=  2.00000e-01 to=  2.66667e-01
iavg                =  -2.847693e-11 from=  2.000000e-01 to=  2.666721e-01
iabs                =  4.439429e-03 from=  2.000000e-01 to=  2.666721e-01
ton                 =  2.036174e-01
toff                =  2.046177e-01
tset                =  3.985454e-03
urev1               =  1.399190e+01 at=  2.125693e-01
urev3               =  1.399190e+01 at=  2.042371e-01
kp = 7.713621e-01
tw = 1.000300e-03
binary raw file "br_g_c1.raw"
Note: Simulation executed from .control section 
