
Note: No compatibility mode selected!


Circuit: * ivep mosyagin, var. 30: bridge rectifier

Doing analysis at TEMP = 27.000000 and TNOM = 27.000000

Using SPARSE 1.3 as Direct Linear Solver
Using transient initial conditions

No. of Data Rows : 27766
uavg                =  1.299907e+01 from=  2.000000e-01 to=  2.666724e-01
upp                 =  9.512581e-01 from=  2.000000e-01 to=  2.666667e-01
umax                =  1.345628e+01 at=  2.543454e-01
umin                =  1.250503e+01 at=  2.115194e-01
ipusk               =  1.754529e-01 at=  3.220926e-04
ipk                 =  5.750335e-02 at=  2.533554e-01
irms                =  1.30377e-02 from=  2.00000e-01 to=  2.66667e-01
iavg                =  -3.276286e-09 from=  2.000000e-01 to=  2.666724e-01
iabs                =  4.334615e-03 from=  2.000000e-01 to=  2.666724e-01
ton                 =  2.031352e-01
toff                =  2.045604e-01
tset                =  3.257687e-03
urev1               =  1.404097e+01 at=  2.292302e-01
urev3               =  1.404097e+01 at=  2.375649e-01
kp = 7.317894e+00
tw = 1.425200e-03
binary raw file "br_g_c10.raw"
Note: Simulation executed from .control section 
