
Note: No compatibility mode selected!


Circuit: * ivep mosyagin, var. 30: bridge rectifier

Reset re-loads circuit * ivep mosyagin, var. 30: bridge rectifier

Circuit: * ivep mosyagin, var. 30: bridge rectifier

Doing analysis at TEMP = 27.000000 and TNOM = 27.000000

Using SPARSE 1.3 as Direct Linear Solver
Using transient initial conditions

No. of Data Rows : 27380
uavg                =  1.325635e+01 from=  2.000000e-01 to=  2.666744e-01
upp                 =  3.234836e-01 from=  2.000000e-01 to=  2.666667e-01
umax                =  1.341462e+01 at=  2.461027e-01
umin                =  1.309114e+01 at=  2.368784e-01
Cf = 100u:  Uavg = 13.2564  Upp = 0.323484  Kp = 2.44022
Reset re-loads circuit * ivep mosyagin, var. 30: bridge rectifier

Circuit: * ivep mosyagin, var. 30: bridge rectifier

Doing analysis at TEMP = 27.000000 and TNOM = 27.000000

Using SPARSE 1.3 as Direct Linear Solver
Using transient initial conditions

No. of Data Rows : 27257
uavg                =  1.330406e+01 from=  2.000000e-01 to=  2.666767e-01
upp                 =  1.637993e-01 from=  2.000000e-01 to=  2.666667e-01
umax                =  1.338494e+01 at=  2.628167e-01
umin                =  1.322114e+01 at=  2.536558e-01
Cf = 200u:  Uavg = 13.3041  Upp = 0.163799  Kp = 1.2312
Reset re-loads circuit * ivep mosyagin, var. 30: bridge rectifier

Circuit: * ivep mosyagin, var. 30: bridge rectifier

Doing analysis at TEMP = 27.000000 and TNOM = 27.000000

Using SPARSE 1.3 as Direct Linear Solver
Using transient initial conditions

No. of Data Rows : 27216
uavg                =  1.331509e+01 from=  2.000000e-01 to=  2.666745e-01
upp                 =  1.095300e-01 from=  2.000000e-01 to=  2.666667e-01
umax                =  1.336938e+01 at=  2.128414e-01
umin                =  1.325985e+01 at=  2.286943e-01
Cf = 300u:  Uavg = 13.3151  Upp = 0.10953  Kp = 0.822601
Reset re-loads circuit * ivep mosyagin, var. 30: bridge rectifier

Circuit: * ivep mosyagin, var. 30: bridge rectifier

Doing analysis at TEMP = 27.000000 and TNOM = 27.000000

Using SPARSE 1.3 as Direct Linear Solver
Using transient initial conditions

No. of Data Rows : 27198
uavg                =  1.331920e+01 from=  2.000000e-01 to=  2.666693e-01
upp                 =  8.224080e-02 from=  2.000000e-01 to=  2.666667e-01
umax                =  1.336005e+01 at=  2.045212e-01
umin                =  1.327781e+01 at=  2.537130e-01
Cf = 400u:  Uavg = 13.3192  Upp = 0.0822408  Kp = 0.617461
Reset re-loads circuit * ivep mosyagin, var. 30: bridge rectifier

Circuit: * ivep mosyagin, var. 30: bridge rectifier

Doing analysis at TEMP = 27.000000 and TNOM = 27.000000

Using SPARSE 1.3 as Direct Linear Solver
Using transient initial conditions

No. of Data Rows : 27188
uavg                =  1.332115e+01 from=  2.000000e-01 to=  2.666759e-01
upp                 =  6.582824e-02 from=  2.000000e-01 to=  2.666667e-01
umax                =  1.335389e+01 at=  2.461952e-01
umin                =  1.328807e+01 at=  2.287246e-01
Cf = 500u:  Uavg = 13.3211  Upp = 0.0658282  Kp = 0.494163
Reset re-loads circuit * ivep mosyagin, var. 30: bridge rectifier

Circuit: * ivep mosyagin, var. 30: bridge rectifier

Doing analysis at TEMP = 27.000000 and TNOM = 27.000000

Using SPARSE 1.3 as Direct Linear Solver
Using transient initial conditions

No. of Data Rows : 27183
uavg                =  1.332223e+01 from=  2.000000e-01 to=  2.666691e-01
upp                 =  5.487318e-02 from=  2.000000e-01 to=  2.666667e-01
umax                =  1.334954e+01 at=  2.628692e-01
umin                =  1.329467e+01 at=  2.037320e-01
Cf = 600u:  Uavg = 13.3222  Upp = 0.0548732  Kp = 0.411892
Reset re-loads circuit * ivep mosyagin, var. 30: bridge rectifier

Circuit: * ivep mosyagin, var. 30: bridge rectifier

Doing analysis at TEMP = 27.000000 and TNOM = 27.000000

Using SPARSE 1.3 as Direct Linear Solver
Using transient initial conditions

No. of Data Rows : 27181
uavg                =  1.332288e+01 from=  2.000000e-01 to=  2.666696e-01
upp                 =  4.704243e-02 from=  2.000000e-01 to=  2.666667e-01
umax                =  1.334631e+01 at=  2.628701e-01
umin                =  1.329927e+01 at=  2.620701e-01
Cf = 700u:  Uavg = 13.3229  Upp = 0.0470424  Kp = 0.353095
Reset re-loads circuit * ivep mosyagin, var. 30: bridge rectifier

Circuit: * ivep mosyagin, var. 30: bridge rectifier

Doing analysis at TEMP = 27.000000 and TNOM = 27.000000

Using SPARSE 1.3 as Direct Linear Solver
Using transient initial conditions

No. of Data Rows : 27180
uavg                =  1.332331e+01 from=  2.000000e-01 to=  2.666755e-01
upp                 =  4.116724e-02 from=  2.000000e-01 to=  2.666667e-01
umax                =  1.334382e+01 at=  2.545424e-01
umin                =  1.330266e+01 at=  2.370744e-01
Cf = 800u:  Uavg = 13.3233  Upp = 0.0411672  Kp = 0.308987
Reset re-loads circuit * ivep mosyagin, var. 30: bridge rectifier

Circuit: * ivep mosyagin, var. 30: bridge rectifier

Doing analysis at TEMP = 27.000000 and TNOM = 27.000000

Using SPARSE 1.3 as Direct Linear Solver
Using transient initial conditions

No. of Data Rows : 27180
uavg                =  1.332360e+01 from=  2.000000e-01 to=  2.666745e-01
upp                 =  3.659595e-02 from=  2.000000e-01 to=  2.666667e-01
umax                =  1.334184e+01 at=  2.045459e-01
umin                =  1.330525e+01 at=  2.620759e-01
Cf = 900u:  Uavg = 13.3236  Upp = 0.036596  Kp = 0.27467
Reset re-loads circuit * ivep mosyagin, var. 30: bridge rectifier

Circuit: * ivep mosyagin, var. 30: bridge rectifier

Doing analysis at TEMP = 27.000000 and TNOM = 27.000000

Using SPARSE 1.3 as Direct Linear Solver
Using transient initial conditions

No. of Data Rows : 27180
uavg                =  1.332381e+01 from=  2.000000e-01 to=  2.666701e-01
upp                 =  3.293838e-02 from=  2.000000e-01 to=  2.666667e-01
umax                =  1.334024e+01 at=  2.545474e-01
umin                =  1.330730e+01 at=  2.454130e-01
Cf = 1000u:  Uavg = 13.3238  Upp = 0.0329384  Kp = 0.247214
Note: Simulation executed from .control section 
