
Note: No compatibility mode selected!


Circuit: * ivep mosyagin, var. 30: bridge rectifier

Reset re-loads circuit * ivep mosyagin, var. 30: bridge rectifier

Circuit: * ivep mosyagin, var. 30: bridge rectifier

Doing analysis at TEMP = 27.000000 and TNOM = 27.000000

Using SPARSE 1.3 as Direct Linear Solver
Using transient initial conditions

No. of Data Rows : 27216
uavg                =  1.331509e+01 from=  2.000000e-01 to=  2.666745e-01
upp                 =  1.095300e-01 from=  2.000000e-01 to=  2.666667e-01
umax                =  1.336938e+01 at=  2.128414e-01
umin                =  1.325985e+01 at=  2.286943e-01
Cf = 300u:  Uavg = 13.3151  Upp = 0.10953  Kp = 0.822601
Reset re-loads circuit * ivep mosyagin, var. 30: bridge rectifier

Circuit: * ivep mosyagin, var. 30: bridge rectifier

Doing analysis at TEMP = 27.000000 and TNOM = 27.000000

Using SPARSE 1.3 as Direct Linear Solver
Using transient initial conditions

No. of Data Rows : 27214
uavg                =  1.331567e+01 from=  2.000000e-01 to=  2.666697e-01
upp                 =  1.060139e-01 from=  2.000000e-01 to=  2.666667e-01
umax                =  1.336824e+01 at=  2.045103e-01
umin                =  1.326223e+01 at=  2.203645e-01
Cf = 310u:  Uavg = 13.3157  Upp = 0.106014  Kp = 0.796159
Reset re-loads circuit * ivep mosyagin, var. 30: bridge rectifier

Circuit: * ivep mosyagin, var. 30: bridge rectifier

Doing analysis at TEMP = 27.000000 and TNOM = 27.000000

Using SPARSE 1.3 as Direct Linear Solver
Using transient initial conditions

No. of Data Rows : 27211
uavg                =  1.331621e+01 from=  2.000000e-01 to=  2.666721e-01
upp                 =  1.027162e-01 from=  2.000000e-01 to=  2.666667e-01
umax                =  1.336715e+01 at=  2.461779e-01
umin                =  1.326444e+01 at=  2.620335e-01
Cf = 320u:  Uavg = 13.3162  Upp = 0.102716  Kp = 0.771362
Reset re-loads circuit * ivep mosyagin, var. 30: bridge rectifier

Circuit: * ivep mosyagin, var. 30: bridge rectifier

Doing analysis at TEMP = 27.000000 and TNOM = 27.000000

Using SPARSE 1.3 as Direct Linear Solver
Using transient initial conditions

No. of Data Rows : 27209
uavg                =  1.331670e+01 from=  2.000000e-01 to=  2.666744e-01
upp                 =  9.961709e-02 from=  2.000000e-01 to=  2.666667e-01
umax                =  1.336612e+01 at=  2.378457e-01
umin                =  1.326650e+01 at=  2.620356e-01
Cf = 330u:  Uavg = 13.3167  Upp = 0.0996171  Kp = 0.748061
Reset re-loads circuit * ivep mosyagin, var. 30: bridge rectifier

Circuit: * ivep mosyagin, var. 30: bridge rectifier

Doing analysis at TEMP = 27.000000 and TNOM = 27.000000

Using SPARSE 1.3 as Direct Linear Solver
Using transient initial conditions

No. of Data Rows : 27207
uavg                =  1.331715e+01 from=  2.000000e-01 to=  2.666739e-01
upp                 =  9.669795e-02 from=  2.000000e-01 to=  2.666667e-01
umax                =  1.336513e+01 at=  2.628439e-01
umin                =  1.326843e+01 at=  2.620352e-01
Cf = 340u:  Uavg = 13.3171  Upp = 0.096698  Kp = 0.726116
Reset re-loads circuit * ivep mosyagin, var. 30: bridge rectifier

Circuit: * ivep mosyagin, var. 30: bridge rectifier

Doing analysis at TEMP = 27.000000 and TNOM = 27.000000

Using SPARSE 1.3 as Direct Linear Solver
Using transient initial conditions

No. of Data Rows : 27205
uavg                =  1.331756e+01 from=  2.000000e-01 to=  2.666730e-01
upp                 =  9.394706e-02 from=  2.000000e-01 to=  2.666667e-01
umax                =  1.336419e+01 at=  2.211819e-01
umin                =  1.327024e+01 at=  2.120387e-01
Cf = 350u:  Uavg = 13.3176  Upp = 0.0939471  Kp = 0.705437
Reset re-loads circuit * ivep mosyagin, var. 30: bridge rectifier

Circuit: * ivep mosyagin, var. 30: bridge rectifier

Doing analysis at TEMP = 27.000000 and TNOM = 27.000000

Using SPARSE 1.3 as Direct Linear Solver
Using transient initial conditions

No. of Data Rows : 27203
uavg                =  1.331794e+01 from=  2.000000e-01 to=  2.666708e-01
upp                 =  9.134700e-02 from=  2.000000e-01 to=  2.666667e-01
umax                =  1.336329e+01 at=  2.545160e-01
umin                =  1.327194e+01 at=  2.037079e-01
Cf = 360u:  Uavg = 13.3179  Upp = 0.091347  Kp = 0.685894
Reset re-loads circuit * ivep mosyagin, var. 30: bridge rectifier

Circuit: * ivep mosyagin, var. 30: bridge rectifier

Doing analysis at TEMP = 27.000000 and TNOM = 27.000000

Using SPARSE 1.3 as Direct Linear Solver
Using transient initial conditions

No. of Data Rows : 27202
uavg                =  1.331829e+01 from=  2.000000e-01 to=  2.666761e-01
upp                 =  8.888674e-02 from=  2.000000e-01 to=  2.666667e-01
umax                =  1.336243e+01 at=  2.045184e-01
umin                =  1.327354e+01 at=  2.037091e-01
Cf = 370u:  Uavg = 13.3183  Upp = 0.0888867  Kp = 0.667404
Reset re-loads circuit * ivep mosyagin, var. 30: bridge rectifier

Circuit: * ivep mosyagin, var. 30: bridge rectifier

Doing analysis at TEMP = 27.000000 and TNOM = 27.000000

Using SPARSE 1.3 as Direct Linear Solver
Using transient initial conditions

No. of Data Rows : 27200
uavg                =  1.331862e+01 from=  2.000000e-01 to=  2.666721e-01
upp                 =  8.655541e-02 from=  2.000000e-01 to=  2.666667e-01
umax                =  1.336160e+01 at=  2.628521e-01
umin                =  1.327505e+01 at=  2.037113e-01
Cf = 380u:  Uavg = 13.3186  Upp = 0.0865554  Kp = 0.649883
Reset re-loads circuit * ivep mosyagin, var. 30: bridge rectifier

Circuit: * ivep mosyagin, var. 30: bridge rectifier

Doing analysis at TEMP = 27.000000 and TNOM = 27.000000

Using SPARSE 1.3 as Direct Linear Solver
Using transient initial conditions

No. of Data Rows : 27199
uavg                =  1.331892e+01 from=  2.000000e-01 to=  2.666761e-01
upp                 =  8.434307e-02 from=  2.000000e-01 to=  2.666667e-01
umax                =  1.336081e+01 at=  2.545197e-01
umin                =  1.327647e+01 at=  2.037118e-01
Cf = 390u:  Uavg = 13.3189  Upp = 0.0843431  Kp = 0.633258
Reset re-loads circuit * ivep mosyagin, var. 30: bridge rectifier

Circuit: * ivep mosyagin, var. 30: bridge rectifier

Doing analysis at TEMP = 27.000000 and TNOM = 27.000000

Using SPARSE 1.3 as Direct Linear Solver
Using transient initial conditions

No. of Data Rows : 27198
uavg                =  1.331920e+01 from=  2.000000e-01 to=  2.666693e-01
upp                 =  8.224080e-02 from=  2.000000e-01 to=  2.666667e-01
umax                =  1.336005e+01 at=  2.045212e-01
umin                =  1.327781e+01 at=  2.537130e-01
Cf = 400u:  Uavg = 13.3192  Upp = 0.0822408  Kp = 0.617461
Note: Simulation executed from .control section 
