
Note: No compatibility mode selected!


Circuit: * ivep mosyagin, var. 30: half-wave rectifier

Reset re-loads circuit * ivep mosyagin, var. 30: half-wave rectifier

Circuit: * ivep mosyagin, var. 30: half-wave rectifier

Doing analysis at TEMP = 27.000000 and TNOM = 27.000000

Using SPARSE 1.3 as Direct Linear Solver
Using transient initial conditions

No. of Data Rows : 27992
uavg                =  1.401708e+01 from=  2.000000e-01 to=  2.666744e-01
upp                 =  6.499190e+00 from=  2.000000e-01 to=  2.666667e-01
umax                =  1.730708e+01 at=  2.208733e-01
umin                =  1.080789e+01 at=  2.518278e-01
Ktr = 18:  Uavg = 14.0171  Upp = 6.49919  Kp = 46.3662
binary raw file "hw_b_sweep_18"
Reset re-loads circuit * ivep mosyagin, var. 30: half-wave rectifier

Circuit: * ivep mosyagin, var. 30: half-wave rectifier

Doing analysis at TEMP = 27.000000 and TNOM = 27.000000

Using SPARSE 1.3 as Direct Linear Solver
Using transient initial conditions

No. of Data Rows : 27972
uavg                =  1.325611e+01 from=  2.000000e-01 to=  2.666731e-01
upp                 =  6.145625e+00 from=  2.000000e-01 to=  2.666667e-01
umax                =  1.636692e+01 at=  2.208778e-01
umin                =  1.022130e+01 at=  2.351635e-01
Ktr = 19:  Uavg = 13.2561  Upp = 6.14562  Kp = 46.3607
binary raw file "hw_b_sweep_19"
Reset re-loads circuit * ivep mosyagin, var. 30: half-wave rectifier

Circuit: * ivep mosyagin, var. 30: half-wave rectifier

Doing analysis at TEMP = 27.000000 and TNOM = 27.000000

Using SPARSE 1.3 as Direct Linear Solver
Using transient initial conditions

No. of Data Rows : 27958
uavg                =  1.257135e+01 from=  2.000000e-01 to=  2.666672e-01
upp                 =  5.827455e+00 from=  2.000000e-01 to=  2.666667e-01
umax                =  1.552085e+01 at=  2.375473e-01
umin                =  9.693398e+00 at=  2.351656e-01
Ktr = 20:  Uavg = 12.5713  Upp = 5.82745  Kp = 46.355
binary raw file "hw_b_sweep_20"
Reset re-loads circuit * ivep mosyagin, var. 30: half-wave rectifier

Circuit: * ivep mosyagin, var. 30: half-wave rectifier

Doing analysis at TEMP = 27.000000 and TNOM = 27.000000

Using SPARSE 1.3 as Direct Linear Solver
Using transient initial conditions

No. of Data Rows : 27938
uavg                =  1.195164e+01 from=  2.000000e-01 to=  2.666696e-01
upp                 =  5.539626e+00 from=  2.000000e-01 to=  2.666667e-01
umax                =  1.475543e+01 at=  2.375464e-01
umin                =  9.215799e+00 at=  2.185011e-01
Ktr = 21:  Uavg = 11.9516  Upp = 5.53963  Kp = 46.3503
binary raw file "hw_b_sweep_21"
Reset re-loads circuit * ivep mosyagin, var. 30: half-wave rectifier

Circuit: * ivep mosyagin, var. 30: half-wave rectifier

Doing analysis at TEMP = 27.000000 and TNOM = 27.000000

Using SPARSE 1.3 as Direct Linear Solver
Using transient initial conditions

No. of Data Rows : 27924
uavg                =  1.138814e+01 from=  2.000000e-01 to=  2.666752e-01
upp                 =  5.277994e+00 from=  2.000000e-01 to=  2.666667e-01
umax                =  1.405964e+01 at=  2.208832e-01
umin                =  8.781641e+00 at=  2.518365e-01
Ktr = 22:  Uavg = 11.3881  Upp = 5.27799  Kp = 46.3464
binary raw file "hw_b_sweep_22"
Note: Simulation executed from .control section 
