
Note: No compatibility mode selected!


Circuit: * ivep mosyagin, var. 30: half-wave rectifier + stabilizer

Doing analysis at TEMP = 27.000000 and TNOM = 27.000000

Using SPARSE 1.3 as Direct Linear Solver
Using transient initial conditions

No. of Data Rows : 27733
uavg                =  1.200163e+01 from=  2.000000e-01 to=  2.666720e-01
upp                 =  1.019561e-03 from=  2.000000e-01 to=  2.666667e-01
umax                =  1.200213e+01 at=  2.377283e-01
umin                =  1.200111e+01 at=  2.370074e-01
ufavg               =  1.534000e+01 from=  2.000000e-01 to=  2.666720e-01
ufpp                =  2.164756e-01 from=  2.000000e-01 to=  2.666667e-01
izavg               =  -5.272713e-03 from=  2.000000e-01 to=  2.666720e-01
izmin               =  -5.571728e-03 at=  2.377283e-01
izmax               =  -4.973579e-03 at=  2.370074e-01
ipusk               =  4.116267e+00 at=  2.001823e-04
ipk                 =  4.690928e-01 at=  2.205374e-01
irms                =  5.51594e-02 from=  2.00000e-01 to=  2.66667e-01
iavg                =  9.278235e-03 from=  2.000000e-01 to=  2.666720e-01
iabs                =  9.278243e-03 from=  2.000000e-01 to=  2.666720e-01
ton                 =  2.036589e-01
toff                =  2.044277e-01
tset                =  3.015541e-03
urev1               =  3.143746e+01 at=  2.124941e-01
kp = 8.495188e-03
kpf = 1.411184e+00
tw = 7.688000e-04
binary raw file "hw_d.raw"
Note: Simulation executed from .control section 
